// Jest Snapshot v1, https://goo.gl/fbAQLP

exports[`App smth 1`] = `
<div
  className="container"
>
  <div
    className="row"
  >
    <nav
      className="parent navbar navbar-light p-5"
      style={
        Object {
          "backgroundImage": "url(test-file-stub)",
        }
      }
    >
      <div
        className="container-fluid containerHeader"
      >
        <a
          className="logo"
          href="/"
        >
          <b>
            netflix
          </b>
          roulette
        </a>
        <div>
          <button
            className="addMovie"
            onClick={[Function]}
            type="button"
          >
            <span>
              + 
            </span>
            ADD MOVIE
          </button>
        </div>
      </div>
      <div
        className="find col p-5"
      >
        <div
          className="container"
        >
          <h1>
            FIND YOUR MOVIE
          </h1>
          <br />
          <form
            onSubmit={[Function]}
          >
            <input
              className="search col col-md-9 p-3"
              onChange={[Function]}
              placeholder="What do you want to watch?"
              type="text"
              value=""
            />
            <button
              className="searchButton col col-md-3 p-3"
              onClick={[Function]}
              type="submit"
            >
              SEARCH
            </button>
          </form>
        </div>
      </div>
    </nav>
  </div>
</div>
`;
